2021-03-11 22:34:55,664:INFO:flipkrat.py:Url hitted
2021-03-11 22:34:55,871:INFO:flipkrat.py:login popup handled
2021-03-11 22:34:56,219:INFO:flipkrat.py:Search begins
2021-03-11 22:34:59,039:INFO:flipkrat.py:Data saved in scrapper file
2021-03-11 22:35:58,120:INFO:flipkrat.py:Url hitted
2021-03-11 22:35:58,315:INFO:flipkrat.py:login popup handled
2021-03-11 22:35:58,591:INFO:flipkrat.py:Search begins
2021-03-11 22:36:01,400:INFO:flipkrat.py:Data saved in scrapper file
2021-03-11 22:36:23,309:INFO:flipkrat.py:Url hitted
2021-03-11 22:36:23,496:INFO:flipkrat.py:login popup handled
2021-03-11 22:36:23,770:INFO:flipkrat.py:Search begins
2021-03-11 22:36:33,418:INFO:flipkrat.py:Url hitted
2021-03-11 22:36:33,647:INFO:flipkrat.py:login popup handled
2021-03-11 22:36:34,002:INFO:flipkrat.py:Search begins
2021-03-11 22:36:36,914:INFO:flipkrat.py:Data saved in scrapper file
2021-03-11 22:37:59,845:INFO:flipkrat.py:Thread run completed
2021-03-12 18:10:07,996:INFO:flipkrat.py:Url hitted
2021-03-12 18:10:08,216:INFO:flipkrat.py:login popup handled
2021-03-12 18:10:08,649:INFO:flipkrat.py:Search begins for Nike
2021-03-12 18:10:15,835:INFO:flipkrat.py:Data saved in scrapper file
2021-03-12 18:21:17,976:INFO:flipkrat.py:Url hitted
2021-03-12 18:21:18,307:INFO:flipkrat.py:login popup handled
2021-03-12 18:21:18,661:INFO:flipkrat.py:Search begins for shorts
2021-03-12 18:21:45,120:INFO:flipkrat.py:Thread run completed
2021-03-12 18:51:46,598:INFO:flipkrat.py:Url hitted
2021-03-12 18:51:46,854:INFO:flipkrat.py:login popup handled
2021-03-12 18:51:47,148:INFO:flipkrat.py:Search begins for Nike
2021-03-12 18:51:52,934:INFO:flipkrat.py:Data saved in scrapper file
2021-03-12 18:59:13,412:INFO:flipkrat.py:Url hitted
2021-03-12 18:59:13,585:INFO:flipkrat.py:login popup handled
2021-03-12 18:59:13,871:INFO:flipkrat.py:Search begins for Nike
2021-03-12 18:59:20,027:INFO:flipkrat.py:Data saved in scrapper file
2021-03-12 19:05:39,138:INFO:flipkrat.py:Url hitted
2021-03-12 19:05:39,293:INFO:flipkrat.py:login popup handled
2021-03-12 19:05:39,627:INFO:flipkrat.py:Search begins for Saree
2021-03-12 19:05:45,435:INFO:flipkrat.py:Data saved in scrapper file
2021-03-12 19:48:30,551:INFO:flipkrat.py:Url hitted
2021-03-12 19:48:32,022:INFO:flipkrat.py:login popup handled
2021-03-12 19:48:33,971:INFO:flipkrat.py:Search begins for Nike
2021-03-12 19:48:39,271:INFO:flipkrat.py:Data saved in scrapper file
2021-03-12 19:52:16,469:INFO:flipkrat.py:Url hitted
2021-03-12 19:52:16,797:INFO:flipkrat.py:login popup handled
2021-03-12 19:52:17,244:INFO:flipkrat.py:Search begins for Nike
2021-03-12 19:52:19,627:INFO:flipkrat.py:Data saved in scrapper file
2021-03-12 22:38:31,082:INFO:flipkrat.py:Url hitted
2021-03-12 22:38:31,387:INFO:flipkrat.py:login popup handled
2021-03-12 22:38:31,835:INFO:flipkrat.py:Search begins for Nike
2021-03-12 22:38:38,080:INFO:flipkrat.py:Data saved in scrapper file
2021-08-01 15:16:07,847:INFO:flipkrat.py:Url hitted
2021-08-01 15:16:07,888:INFO:flipkrat.py:login popup handled
2021-08-01 15:16:07,981:INFO:flipkrat.py:Search begins for samsung
2021-08-01 15:16:09,936:INFO:flipkrat.py:Data saved in scrapper file
2021-08-01 15:17:33,103:INFO:flipkrat.py:Url hitted
2021-08-01 15:17:33,148:INFO:flipkrat.py:login popup handled
2021-08-01 15:17:33,252:INFO:flipkrat.py:Search begins for samsung
2021-08-01 15:17:36,074:INFO:flipkrat.py:data saved in scrapper file
2021-08-01 15:33:43,729:INFO:flipkrat.py:Url hitted
2021-08-01 15:33:43,797:INFO:flipkrat.py:login popup handled
2021-08-01 15:33:43,887:INFO:flipkrat.py:Search begins for samsung
2021-08-01 15:33:46,335:INFO:flipkrat.py:Data saved in scrapper file
2021-08-01 16:02:20,882:INFO:flipkrat.py:Url hitted
2021-08-01 16:02:20,978:INFO:flipkrat.py:login popup handled
2021-08-01 16:02:21,096:INFO:flipkrat.py:Search begins for samsung
2021-08-01 16:28:58,071:INFO:flipkrat.py:Url hitted
2021-08-01 16:28:58,144:INFO:flipkrat.py:login popup handled
2021-08-01 16:31:59,312:INFO:flipkrat.py:Url hitted
2021-08-01 16:31:59,384:INFO:flipkrat.py:login popup handled
2021-12-05 20:02:01,224:INFO:flipkrat.py:Url hitted
2021-12-05 20:02:01,966:INFO:flipkrat.py:login popup handled
2021-12-05 20:02:02,069:INFO:flipkrat.py:Search begins for samsung
2021-12-18 19:48:58,493:INFO:flipkrat.py:Url hitted
2021-12-18 19:48:58,541:INFO:flipkrat.py:login popup handled
2021-12-18 19:48:58,671:INFO:flipkrat.py:Search begins for iphone7
2021-12-18 20:51:54,122:INFO:flipkrat.py:Url hitted
2021-12-18 20:51:54,296:INFO:flipkrat.py:login popup handled
2021-12-18 20:51:54,622:INFO:flipkrat.py:Search begins for samsungphone
2021-12-19 20:11:42,536:INFO:flipkrat.py:Url hitted
2021-12-19 20:11:42,685:INFO:flipkrat.py:login popup handled
2021-12-19 20:11:43,015:INFO:flipkrat.py:Search begins for samsung
2021-12-19 20:12:11,674:INFO:flipkrat.py:Url hitted
2021-12-19 20:12:37,769:INFO:flipkrat.py:Url hitted
2021-12-19 20:13:37,700:INFO:flipkrat.py:Url hitted
2021-12-19 20:13:37,828:INFO:flipkrat.py:login popup handled
2021-12-19 20:13:38,099:INFO:flipkrat.py:Search begins for apple
2021-12-19 20:15:56,440:INFO:flipkrat.py:Url hitted
2021-12-19 20:16:21,329:INFO:flipkrat.py:Url hitted
2021-12-19 20:21:42,192:INFO:flipkrat.py:Url hitted
2021-12-19 20:21:42,340:INFO:flipkrat.py:login popup handled
2021-12-19 20:21:42,590:INFO:flipkrat.py:Search begins for apple
2021-12-19 20:23:43,524:INFO:flipkrat.py:Url hitted
2021-12-19 20:23:43,664:INFO:flipkrat.py:login popup handled
2021-12-19 20:23:45,217:INFO:flipkrat.py:Search begins for samsung
2021-12-19 20:23:47,912:INFO:flipkrat.py:Data saved in scrapper file
2021-12-19 20:24:49,310:INFO:flipkrat.py:Url hitted
2021-12-19 20:24:49,435:INFO:flipkrat.py:login popup handled
2021-12-19 20:24:49,682:INFO:flipkrat.py:Search begins for acer
2021-12-19 20:26:14,895:INFO:flipkrat.py:Url hitted
2021-12-19 20:26:15,040:INFO:flipkrat.py:login popup handled
2021-12-19 20:26:15,265:INFO:flipkrat.py:Search begins for hp
2021-12-19 20:26:37,188:INFO:flipkrat.py:Thread run completed
2021-12-19 20:53:36,463:INFO:flipkrat.py:Url hitted
2021-12-19 20:53:36,583:INFO:flipkrat.py:login popup handled
2021-12-19 20:53:36,784:INFO:flipkrat.py:Search begins for apple
2021-12-19 20:53:53,921:INFO:flipkrat.py:Thread run completed
2021-12-19 20:55:03,333:INFO:flipkrat.py:Url hitted
2021-12-19 20:55:03,433:INFO:flipkrat.py:login popup handled
2021-12-19 20:55:03,628:INFO:flipkrat.py:Search begins for samsung
2021-12-19 20:55:31,311:INFO:flipkrat.py:Thread run completed
2021-12-20 21:17:26,579:INFO:flipkrat.py:Url hitted
2021-12-20 21:17:26,740:INFO:flipkrat.py:login popup handled
2021-12-20 21:17:27,070:INFO:flipkrat.py:Search begins for apple
2021-12-20 21:17:30,212:INFO:flipkrat.py:Data saved in scrapper file
2021-12-20 21:17:53,177:INFO:flipkrat.py:Url hitted
2021-12-20 21:17:53,343:INFO:flipkrat.py:login popup handled
2021-12-20 21:17:53,664:INFO:flipkrat.py:Search begins for acer
2021-12-20 21:20:47,965:INFO:flipkrat.py:Url hitted
2021-12-20 21:20:48,122:INFO:flipkrat.py:login popup handled
2021-12-20 21:20:48,410:INFO:flipkrat.py:Search begins for acer
2021-12-20 21:24:03,701:INFO:flipkrat.py:Url hitted
2021-12-20 21:24:03,850:INFO:flipkrat.py:login popup handled
2021-12-20 21:24:04,081:INFO:flipkrat.py:Search begins for acer
2021-12-20 21:24:33,274:INFO:flipkrat.py:Thread run completed
2021-12-20 21:33:32,124:INFO:flipkrat.py:Url hitted
2021-12-20 21:33:32,317:INFO:flipkrat.py:login popup handled
2021-12-20 21:33:32,592:INFO:flipkrat.py:Search begins for acer
2021-12-20 21:33:35,288:INFO:flipkrat.py:Data saved in scrapper file
2021-12-20 21:34:20,666:INFO:flipkrat.py:Url hitted
2021-12-20 21:34:31,985:INFO:flipkrat.py:Url hitted
2021-12-20 21:34:36,575:INFO:flipkrat.py:Url hitted
2021-12-20 21:34:36,724:INFO:flipkrat.py:login popup handled
2021-12-20 21:34:36,993:INFO:flipkrat.py:Search begins for hp
2021-12-20 21:35:55,361:INFO:flipkrat.py:Thread run completed
2021-12-20 22:30:57,734:INFO:flipkrat.py:Url hitted
2021-12-20 22:30:57,872:INFO:flipkrat.py:login popup handled
2021-12-20 22:30:58,168:INFO:flipkrat.py:Search begins for lenovo
2021-12-20 22:31:15,898:INFO:flipkrat.py:Thread run completed
2022-01-04 21:58:59,213:INFO:flipkrat.py:Url hitted
2022-01-04 21:58:59,359:INFO:flipkrat.py:login popup handled
2022-01-04 21:58:59,725:INFO:flipkrat.py:Search begins for legion5
2022-01-04 21:59:08,560:INFO:flipkrat.py:Thread run completed
2022-01-04 22:08:42,317:INFO:flipkrat.py:Url hitted
2022-01-04 22:08:42,469:INFO:flipkrat.py:login popup handled
2022-01-04 22:08:42,779:INFO:flipkrat.py:Search begins for nikerevolution4
2022-01-04 22:08:55,089:INFO:flipkrat.py:Thread run completed
2022-01-07 18:13:07,414:INFO:flipkrat.py:Url hitted
2022-01-07 18:13:07,563:INFO:flipkrat.py:login popup handled
2022-01-07 18:13:07,805:INFO:flipkrat.py:Search begins for cricket-bat
2022-01-07 18:13:28,315:INFO:flipkrat.py:Thread run completed
2022-01-13 20:14:41,174:INFO:flipkrat.py:Url hitted
2022-01-13 20:14:41,321:INFO:flipkrat.py:login popup handled
2022-01-13 20:14:41,615:INFO:flipkrat.py:Search begins for iphone
2022-01-13 20:14:44,212:INFO:flipkrat.py:Data saved in scrapper file
2022-01-13 20:14:58,892:INFO:flipkrat.py:Url hitted
2022-01-13 20:14:59,037:INFO:flipkrat.py:login popup handled
2022-01-13 20:14:59,309:INFO:flipkrat.py:Search begins for bottle
2022-01-13 20:15:09,644:INFO:flipkrat.py:Thread run completed
2022-01-13 21:49:07,963:INFO:flipkrat.py:Url hitted
2022-01-13 21:49:08,089:INFO:flipkrat.py:login popup handled
2022-01-13 21:49:08,415:INFO:flipkrat.py:Search begins for Ray-ban-mirrored-glasses
2022-01-13 21:49:10,332:INFO:flipkrat.py:Thread run completed
2022-01-13 21:50:16,885:INFO:flipkrat.py:Url hitted
2022-01-13 21:50:17,027:INFO:flipkrat.py:login popup handled
2022-01-13 21:50:17,365:INFO:flipkrat.py:Search begins for Raybanglasses
2022-02-11 15:24:19,594:INFO:flipkrat.py:Url hitted
2022-02-11 15:24:19,743:INFO:flipkrat.py:login popup handled
2022-02-11 15:24:19,990:INFO:flipkrat.py:Search begins for sg-bat
2022-02-11 15:24:41,064:INFO:flipkrat.py:Thread run completed
2022-02-11 15:57:23,002:INFO:flipkrat.py:Url hitted
